=========== subsubdir1 =============
A=1
B=333
C=
D=
=========== subsubdir2 =============
A=1
B=2
C=3
D=
=========== prj2 =============
A=1
B=
C=
D=4
