=========== all ============
FSRCDIR should not be empty
*** Error code 1
