ERROR: We need mk-configure v.999.0.0 while 0.25.0 is detected
