Dash symbol is not allowed inside subdir (another-one prog100-500)
