=========== all ============
/objdir/Makefile
/objdir/_mkc_cxx_type.err
/objdir/_mkc_cxx_type.res
/objdir/_mkc_prog_cxx.err
/objdir/_mkc_prog_cxx.res
/objdir/expect.out
/objdir/hello_msg1.o
/objdir/hello_msg1.op
/objdir/hello_msg1.os
/objdir/hello_msg2.o
/objdir/hello_msg2.op
/objdir/hello_msg2.os
/objdir/libcxxlib.a
/objdir/libcxxlib.so.1.0.5
/objdir/libcxxlib_p.a
/objdir/mkprofilelib.test.out.tmp
========= install ==========
/objdir/prefix
/objdir/prefix/include
/objdir/prefix/include/hello_msg.h
/objdir/prefix/include/impl
/objdir/prefix/include/impl/hello_msg1.h
/objdir/prefix/include/impl/hello_msg2.h
/objdir/prefix/lib
/objdir/prefix/lib/libcxxlib.a
/objdir/prefix/lib/libcxxlib.so
/objdir/prefix/lib/libcxxlib.so.1
/objdir/prefix/lib/libcxxlib.so.1.0.5
/objdir/prefix/lib/libcxxlib_p.a
======== uninstall =========
========== clean ===========
/objdir/Makefile
/objdir/_mkc_cxx_type.err
/objdir/_mkc_cxx_type.res
/objdir/_mkc_prog_cxx.err
/objdir/_mkc_prog_cxx.res
/objdir/expect.out
/objdir/mkprofilelib.test.out.tmp
======= distclean ==========
/objdir/Makefile
/objdir/expect.out
/objdir/mkprofilelib.test.out.tmp
