checking for header string.h... yes
cache file exists
