=========== all ============
/objdir/Makefile
/objdir/_mkc_compiler_type.err
/objdir/_mkc_compiler_type.res
/objdir/_mkc_cxx_type.err
/objdir/_mkc_cxx_type.res
/objdir/_mkc_funclib_dummy.c
/objdir/_mkc_funclib_dummy.err
/objdir/_mkc_funclib_dummy.res
/objdir/_mkc_prog_cxx.err
/objdir/_mkc_prog_cxx.res
/objdir/dummy.os
/objdir/expect.out
/objdir/hello_msg1.os
/objdir/hello_msg2.os
/objdir/libcxxlib.so.1.0.5
/objdir/mkstaticlib.test.out.tmp
========= install ==========
/objdir/prefix
/objdir/prefix/include
/objdir/prefix/include/hello_msg.h
/objdir/prefix/include/impl
/objdir/prefix/include/impl/hello_msg1.h
/objdir/prefix/include/impl/hello_msg2.h
/objdir/prefix/lib
/objdir/prefix/lib/libcxxlib.so
/objdir/prefix/lib/libcxxlib.so.1
/objdir/prefix/lib/libcxxlib.so.1.0.5
======== uninstall =========
========== clean ===========
/objdir/Makefile
/objdir/_mkc_compiler_type.err
/objdir/_mkc_compiler_type.res
/objdir/_mkc_cxx_type.err
/objdir/_mkc_cxx_type.res
/objdir/_mkc_funclib_dummy.c
/objdir/_mkc_funclib_dummy.err
/objdir/_mkc_funclib_dummy.res
/objdir/_mkc_prog_cxx.err
/objdir/_mkc_prog_cxx.res
/objdir/expect.out
/objdir/mkstaticlib.test.out.tmp
======= CLEANFILES ==========
/objdir/mkstaticlib.test.out
dummy.o
dummy.op
dummy.os
hello_msg1.o
hello_msg1.op
hello_msg1.os
hello_msg2.o
hello_msg2.op
hello_msg2.os
libcxxlib.so
libcxxlib.so.1
libcxxlib.so.1.0
libcxxlib.so.1.0.5
======= UNINSTALLFILES ==========
/usr/local/lib/libcxxlib.so.1.0.5
/usr/local/lib/libcxxlib.so
/usr/local/lib/libcxxlib.so.1
/usr/local/include/hello_msg.h
/usr/local/include/impl/hello_msg1.h
/usr/local/include/impl/hello_msg2.h
======= distclean ==========
/objdir/Makefile
/objdir/expect.out
/objdir/mkstaticlib.test.out.tmp
