ERROR: Package mkc_fake-2.0 was not found in the pkg-config search path.
