=========== all ============
warning: "endianess test deprecated; use endianness instead"
BUILTIN.endianess=big
