ERROR: Requested glib-2.0 >= 99.0 but version of GLib is 2.NN
