ERROR: We need mk-configure v.999.0.0 while 0.23.0 is detected
