checking for prototype pid_t fork(void) ( unistd.h unistd.h )... yes
